stm32f4xx_it.c:83:6:NMI_Handler	4	static
stm32f4xx_it.c:96:6:HardFault_Handler	4	static
stm32f4xx_it.c:111:6:MemManage_Handler	4	static
stm32f4xx_it.c:126:6:BusFault_Handler	4	static
stm32f4xx_it.c:141:6:UsageFault_Handler	4	static
stm32f4xx_it.c:156:6:SVC_Handler	4	static
stm32f4xx_it.c:169:6:DebugMon_Handler	4	static
stm32f4xx_it.c:182:6:PendSV_Handler	4	static
stm32f4xx_it.c:195:6:SysTick_Handler	8	static
stm32f4xx_it.c:216:6:EXTI0_IRQHandler	16	static
stm32f4xx_it.c:232:6:CAN1_RX0_IRQHandler	8	static
stm32f4xx_it.c:246:6:EXTI9_5_IRQHandler	16	static
stm32f4xx_it.c:262:6:TIM2_IRQHandler	8	static
